Daemon process terminated and closed the connection

Messages from the log:
[NX v21.5.2 Daemon Server] - 2025-09-17T17:04:58.831Z - Closed a connection. Number of open connections: 0
[NX v21.5.2 Daemon Server] - 2025-09-17T17:04:58.839Z - Established a connection. Number of open connections: 1
[NX v21.5.2 Daemon Server] - 2025-09-17T17:04:58.840Z - Established a connection. Number of open connections: 2
[NX v21.5.2 Daemon Server] - 2025-09-17T17:04:58.840Z - Closed a connection. Number of open connections: 1
[NX v21.5.2 Daemon Server] - 2025-09-17T17:04:58.841Z - [REQUEST]: Client Request for Project Graph Received
[NX v21.5.2 Daemon Server] - 2025-09-17T17:04:58.908Z - [WATCHER]: Stopping the watcher for /Users/andrew/Documents/CodeProjects/videojuego25 (sources)
[NX v21.5.2 Daemon Server] - 2025-09-17T17:04:58.916Z - Closed a connection. Number of open connections: 0
Time for 'plugin worker 93250 code loading' 3.7447500228881836
Time for 'plugin worker 93247 code loading' 21.209500312805176
Time for 'plugin worker 93249 code loading' 16.05299997329712
Time for 'plugin worker 93245 code loading' 22.017083644866943
Time for 'plugin worker 93246 code loading' 40.985000133514404
Time for 'plugin worker 93255 code loading' 19.34254217147827
Time for 'plugin worker 93248 code loading' 19.37037467956543
Time for 'plugin worker 93251 code loading' 18.983999729156494
Time for 'plugin worker 93253 code loading' 5.714082717895508
Time for 'plugin worker 93254 code loading' 3.919416904449463
Time for 'plugin worker 93252 code loading' 39.03137493133545
Time for 'plugin worker 93256 code loading' 9.455167293548584



More information: /Users/andrew/Documents/CodeProjects/videojuego25/.nx/workspace-data/d/daemon.log